
Allocating common symbols
Common symbol       size              file

netbufpool          0x4               binaries/net.o
readylist           0x2               binaries/ready.o
rfltab              0x5a0             binaries/rflinit.o
netportseed         0x8               binaries/net.o
sleepq              0x2               binaries/clkinit.o
nnames              0x4               binaries/naminit.o
udptab              0x168             binaries/udp.o
minheap             0x4               binaries/meminit.o
marks               0x50              binaries/mark.o
currpid             0x4               binaries/initialize.o
Lf_data             0x20c             binaries/lfsinit.o
porttab             0x2d0             binaries/ptinit.o
girmask             0x2               binaries/evec.o
ttytab              0x110             binaries/ttyinit.o
proctab             0x15e0            binaries/initialize.o
prcount             0x4               binaries/initialize.o
lfltab              0xf00             binaries/lflinit.o
rdstab              0x8c              binaries/rdsinit.o
ethertab            0x138             binaries/ethinit.o
NetData             0xb0              binaries/net.o
nmarks              0x4               binaries/mark.o
Defer               0x8               binaries/resched.o
semtab              0x4b0             binaries/initialize.o
maxheap             0x4               binaries/meminit.o
preempt             0x4               binaries/clkinit.o
buftab              0xf0              binaries/bufinit.o
Rf_data             0x18              binaries/rfsinit.o
mkmutex             0x4               binaries/mark.o
clktime             0x4               binaries/clkinit.o
arpcache            0x140             binaries/arp.o
icmptab             0x230             binaries/icmp.o
nbpools             0x4               binaries/bufinit.o
queuetab            0x980             binaries/queue.o
ptnextid            0x4               binaries/ptinit.o
Ram                 0x19000           binaries/raminit.o
ipoqueue            0x2c              binaries/ip.o
memlist             0x8               binaries/initialize.o
nametab             0x19a0            binaries/naminit.o
ptfree              0x4               binaries/ptinit.o

Memory Configuration

Name             Origin             Length             Attributes
*default*        0x0000000000000000 0xffffffffffffffff

Linker script and memory map

                0x0000000000100000                physbase = 0x100000
                0x0000000000100000                . = physbase
                0x0000000000100000                . = ALIGN (0x1000)

.text           0x0000000000100000    0x1a000
                0x0000000000100000                text = ABSOLUTE (.)
 *(.text .text.*)
 .text          0x0000000000100000      0x1b8 binaries/start.o
                0x0000000000100028                start
                0x00000000001000fa                inb
                0x0000000000100102                inw
                0x000000000010010b                inl
                0x0000000000100113                outb
                0x000000000010011d                outw
                0x0000000000100128                outl
                0x0000000000100132                _rtcin
                0x000000000010013d                ___udivsi3
                0x0000000000100148                ___divsi3
                0x0000000000100154                sbzero
                0x0000000000100164                insw
                0x000000000010017a                outsw
                0x0000000000100190                bcopy
                0x00000000001001a4                lidt
                0x00000000001001ac                cpuid
 .text          0x00000000001001b8      0x3e3 binaries/ascdate.o
                0x00000000001001b8                ascdate
 .text          0x000000000010059b       0x14 binaries/bufinit.o
                0x000000000010059b                bufinit
 .text          0x00000000001005af       0x94 binaries/chprio.o
                0x00000000001005af                chprio
 .text          0x0000000000100643       0x96 binaries/clkhandler.o
                0x0000000000100643                clkhandler
 .text          0x00000000001006d9       0x7e binaries/clkinit.o
                0x00000000001006d9                clkinit
 .text          0x0000000000100757       0x75 binaries/close.o
                0x0000000000100757                close
 .text          0x00000000001007cc        0x0 binaries/conf.o
 .text          0x00000000001007cc       0x7b binaries/control.o
                0x00000000001007cc                control
 .text          0x0000000000100847      0x2c0 binaries/create.o
                0x0000000000100847                create
 .text          0x0000000000100b07      0x298 binaries/early_imr.o
                0x0000000000100b07                intel_cln_early_sb_read_reg
                0x0000000000100b86                intel_cln_early_sb_write_reg
                0x0000000000100d14                remove_irm_protections
 .text          0x0000000000100d9f      0x440 binaries/evec.o
                0x0000000000100d9f                initevec
                0x0000000000100e9b                set_evec
                0x0000000000100f3d                setirmask
                0x0000000000100f96                trap
 .text          0x00000000001011df       0x19 binaries/exit.o
                0x00000000001011df                exit
 .text          0x00000000001011f8       0x8c binaries/freebuf.o
                0x00000000001011f8                freebuf
 .text          0x0000000000101284      0x172 binaries/freemem.o
                0x0000000000101284                freemem
 .text          0x00000000001013f6       0x8a binaries/getbuf.o
                0x00000000001013f6                getbuf
 .text          0x0000000000101480       0x75 binaries/getc.o
                0x0000000000101480                getc
 .text          0x00000000001014f5       0x74 binaries/getdev.o
                0x00000000001014f5                getdev
 .text          0x0000000000101569       0xd0 binaries/getitem.o
                0x0000000000101569                getfirst
                0x00000000001015ae                getlast
                0x00000000001015f5                getitem
 .text          0x0000000000101639      0x10a binaries/getmem.o
                0x0000000000101639                getmem
 .text          0x0000000000101743        0xa binaries/getpid.o
                0x0000000000101743                getpid
 .text          0x000000000010174d       0x7d binaries/getprio.o
                0x000000000010174d                getprio
 .text          0x00000000001017ca       0xfb binaries/getstk.o
                0x00000000001017ca                getstk
 .text          0x00000000001018c5       0x16 binaries/getticks.o
                0x00000000001018c5                getticks
 .text          0x00000000001018db       0x3a binaries/gettime.o
                0x00000000001018db                gettime
 .text          0x0000000000101915      0x1e2 binaries/getutime.o
                0x0000000000101915                getutime
 .text          0x0000000000101af7       0x75 binaries/init.o
                0x0000000000101af7                init
 .text          0x0000000000101b6c      0x3c8 binaries/initialize.o
                0x0000000000101b6c                nulluser
                0x0000000000101edb                stop
                0x0000000000101f06                delay
 .text          0x0000000000101f34       0xde binaries/insert.o
                0x0000000000101f34                insert
 .text          0x0000000000102012      0x110 binaries/insertd.o
                0x0000000000102012                insertd
 .text          0x0000000000102122        0xa binaries/ioerr.o
                0x0000000000102122                ioerr
 .text          0x000000000010212c        0xa binaries/ionull.o
                0x000000000010212c                ionull
 .text          0x0000000000102136      0x19d binaries/kill.o
                0x0000000000102136                kill
 .text          0x00000000001022d3      0x138 binaries/kprintf.o
                0x00000000001022d3                kputc
                0x000000000010235e                kgetc
                0x00000000001023e1                kprintf
 .text          0x000000000010240b       0x95 binaries/main.o
                0x000000000010240b                main
 .text          0x00000000001024a0       0xb5 binaries/mark.o
                0x00000000001024a0                markinit
                0x00000000001024c4                mark
 .text          0x0000000000102555      0x2ca binaries/meminit.o
                0x0000000000102555                meminit
                0x000000000010277c                setsegs
 .text          0x000000000010281f      0x174 binaries/mkbufpool.o
                0x000000000010281f                mkbufpool
 .text          0x0000000000102993       0x94 binaries/newqueue.o
                0x0000000000102993                newqueue
 .text          0x0000000000102a27       0x7b binaries/open.o
                0x0000000000102a27                open
 .text          0x0000000000102aa2       0x20 binaries/panic.o
                0x0000000000102aa2                panic
 .text          0x0000000000102ac2      0x41a binaries/pci.o
                0x0000000000102ac2                pci_init
                0x0000000000102b4c                find_pci_device
                0x0000000000102c32                pci_read_config_byte
                0x0000000000102c90                pci_read_config_word
                0x0000000000102cf0                pci_read_config_dword
                0x0000000000102d4e                pci_write_config_byte
                0x0000000000102db0                pci_write_config_word
                0x0000000000102e14                pci_write_config_dword
                0x0000000000102e70                pci_get_dev_mmio_base_addr
 .text          0x0000000000102edc       0xc9 binaries/platinit.o
                0x0000000000102edc                cpu_is_quark
                0x0000000000102ef9                console_init
                0x0000000000102f42                platinit
 .text          0x0000000000102fa5       0xf1 binaries/ptclear.o
                0x0000000000102fa5                _ptclear
 .text          0x0000000000103096       0x9d binaries/ptcount.o
                0x0000000000103096                ptcount
 .text          0x0000000000103133      0x116 binaries/ptcreate.o
                0x0000000000103133                ptcreate
 .text          0x0000000000103249       0x7f binaries/ptdelete.o
                0x0000000000103249                ptdelete
 .text          0x00000000001032c8       0xbf binaries/ptinit.o
                0x00000000001032c8                ptinit
 .text          0x0000000000103387      0x11b binaries/ptrecv.o
                0x0000000000103387                ptrecv
 .text          0x00000000001034a2       0x77 binaries/ptreset.o
                0x00000000001034a2                ptreset
 .text          0x0000000000103519      0x13d binaries/ptsend.o
                0x0000000000103519                ptsend
 .text          0x0000000000103656       0x80 binaries/putc.o
                0x0000000000103656                putc
 .text          0x00000000001036d6       0xcc binaries/quark_irq.o
                0x00000000001036d6                quark_irq_routing
 .text          0x00000000001037a2      0x1e9 binaries/quark_pdat.o
                0x00000000001037a2                get_quark_pdat_entry_data_by_id
                0x0000000000103891                get_quark_pdat_entry_data_by_desc
 .text          0x000000000010398b      0x111 binaries/queue.o
                0x000000000010398b                enqueue
                0x0000000000103a2f                dequeue
 .text          0x0000000000103a9c       0x7b binaries/read.o
                0x0000000000103a9c                read
 .text          0x0000000000103b17       0x7e binaries/ready.o
                0x0000000000103b17                ready
 .text          0x0000000000103b95       0x62 binaries/receive.o
                0x0000000000103b95                receive
 .text          0x0000000000103bf7       0x5e binaries/recvclr.o
                0x0000000000103bf7                recvclr
 .text          0x0000000000103c55       0xbd binaries/recvtime.o
                0x0000000000103c55                recvtime
 .text          0x0000000000103d12      0x16c binaries/resched.o
                0x0000000000103d12                resched
                0x0000000000103e09                resched_cntl
 .text          0x0000000000103e7e       0xb1 binaries/resume.o
                0x0000000000103e7e                resume
 .text          0x0000000000103f2f       0x79 binaries/seek.o
                0x0000000000103f2f                seek
 .text          0x0000000000103fa8       0x70 binaries/semcount.o
                0x0000000000103fa8                semcount
 .text          0x0000000000104018       0xd6 binaries/semcreate.o
                0x0000000000104018                semcreate
 .text          0x00000000001040ee       0xcd binaries/semdelete.o
                0x00000000001040ee                semdelete
 .text          0x00000000001041bb       0xcb binaries/semreset.o
                0x00000000001041bb                semreset
 .text          0x0000000000104286       0xed binaries/send.o
                0x0000000000104286                send
 .text          0x0000000000104373       0xa8 binaries/signal.o
                0x0000000000104373                signal
 .text          0x000000000010441b       0xd6 binaries/signaln.o
                0x000000000010441b                signaln
 .text          0x00000000001044f1       0xed binaries/sleep.o
                0x00000000001044f1                sleep
                0x000000000010453f                sleepms
 .text          0x00000000001045de      0x1a4 binaries/stacktrace.o
                0x00000000001045de                stacktrace
 .text          0x0000000000104782       0xe7 binaries/suspend.o
                0x0000000000104782                suspend
 .text          0x0000000000104869       0xe9 binaries/unsleep.o
                0x0000000000104869                unsleep
 .text          0x0000000000104952       0x19 binaries/userret.o
                0x0000000000104952                userret
 .text          0x000000000010496b       0xdd binaries/wait.o
                0x000000000010496b                wait
 .text          0x0000000000104a48       0x72 binaries/wakeup.o
                0x0000000000104a48                wakeup
 .text          0x0000000000104aba       0x7b binaries/write.o
                0x0000000000104aba                write
 .text          0x0000000000104b35       0x1d binaries/xdone.o
                0x0000000000104b35                xdone
 .text          0x0000000000104b52       0x28 binaries/yield.o
                0x0000000000104b52                yield
 .text          0x0000000000104b7a       0x11 binaries/abs.o
                0x0000000000104b7a                abs
 .text          0x0000000000104b8b       0x8f binaries/atoi.o
                0x0000000000104b8b                atoi
 .text          0x0000000000104c1a       0x8f binaries/atol.o
                0x0000000000104c1a                atol
 .text          0x0000000000104ca9       0x31 binaries/bzero.o
                0x0000000000104ca9                bzero
 .text          0x0000000000104cda        0x0 binaries/ctype_.o
 .text          0x0000000000104cda      0x8ed binaries/doprnt.o
                0x0000000000104cda                _doprnt
 .text          0x00000000001055c7      0x65c binaries/doscan.o
                0x00000000001055c7                _doscan
 .text          0x0000000000105c23      0x711 binaries/fdoprnt.o
                0x0000000000105c23                _fdoprnt
 .text          0x0000000000106334       0x29 binaries/fgetc.o
                0x0000000000106334                fgetc
 .text          0x000000000010635d       0x75 binaries/fgets.o
                0x000000000010635d                fgets
 .text          0x00000000001063d2       0x2a binaries/fprintf.o
                0x00000000001063d2                fprintf
 .text          0x00000000001063fc       0x2c binaries/fputc.o
                0x00000000001063fc                fputc
 .text          0x0000000000106428       0x43 binaries/fputs.o
                0x0000000000106428                fputs
 .text          0x000000000010646b       0x8a binaries/fscanf.o
                0x000000000010646b                fscanf
 .text          0x00000000001064f5       0x31 binaries/getchar.o
                0x00000000001064f5                getchar
 .text          0x0000000000106526       0x11 binaries/labs.o
                0x0000000000106526                labs
 .text          0x0000000000106537        0x0 binaries/memchr.o
 .text          0x0000000000106537       0x51 binaries/memcmp.o
                0x0000000000106537                memcmp
 .text          0x0000000000106588       0x3f binaries/memcpy.o
                0x0000000000106588                memcpy
 .text          0x00000000001065c7       0x30 binaries/memset.o
                0x00000000001065c7                memset
 .text          0x00000000001065f7       0x47 binaries/printf.o
                0x00000000001065f7                printf
 .text          0x000000000010663e       0x34 binaries/putchar.o
                0x000000000010663e                putchar
 .text          0x0000000000106672      0x27e binaries/qsort.o
                0x0000000000106672                qsort
 .text          0x00000000001068f0       0x63 binaries/rand.o
                0x00000000001068f0                rand
                0x0000000000106908                rand_r
                0x0000000000106946                srand
 .text          0x0000000000106953       0x66 binaries/sprintf.o
                0x0000000000106953                sprintf
 .text          0x00000000001069b9       0x70 binaries/sscanf.o
                0x00000000001069b9                sscanf
 .text          0x0000000000106a29       0x3c binaries/strchr.o
                0x0000000000106a29                strchr
 .text          0x0000000000106a65       0x45 binaries/strcmp.o
                0x0000000000106a65                strcmp
 .text          0x0000000000106aaa       0x27 binaries/strcpy.o
                0x0000000000106aaa                strcpy
 .text          0x0000000000106ad1       0x26 binaries/strlen.o
                0x0000000000106ad1                strlen
 .text          0x0000000000106af7       0x56 binaries/strncat.o
                0x0000000000106af7                strncat
 .text          0x0000000000106b4d       0x5f binaries/strncmp.o
                0x0000000000106b4d                strncmp
 .text          0x0000000000106bac       0x4f binaries/strncpy.o
                0x0000000000106bac                strncpy
 .text          0x0000000000106bfb       0x2e binaries/strnlen.o
                0x0000000000106bfb                strnlen
 .text          0x0000000000106c29       0x45 binaries/strrchr.o
                0x0000000000106c29                strrchr
 .text          0x0000000000106c6e       0x6d binaries/strstr.o
                0x0000000000106c6e                strstr
 .text          0x0000000000106cdb       0xe4 binaries/ttycontrol.o
                0x0000000000106cdb                ttycontrol
 .text          0x0000000000106dbf       0x97 binaries/ttygetc.o
                0x0000000000106dbf                ttygetc
 .text          0x0000000000106e56      0x6d1 binaries/ttyhandle_in.o
                0x0000000000106e56                ttyhandle_in
 .text          0x0000000000107527      0x183 binaries/ttyhandle_out.o
                0x0000000000107527                ttyhandle_out
 .text          0x00000000001076aa       0xb6 binaries/ttyhandler.o
                0x00000000001076aa                ttyhandler
 .text          0x0000000000107760      0x1f1 binaries/ttyinit.o
                0x0000000000107760                ttyinit
 .text          0x0000000000107951       0x10 binaries/ttykickout.o
                0x0000000000107951                ttykickout
 .text          0x0000000000107961       0xb7 binaries/ttyputc.o
                0x0000000000107961                ttyputc
 .text          0x0000000000107a18      0x11b binaries/ttyread.o
                0x0000000000107a18                ttyread
 .text          0x0000000000107b33       0x4f binaries/ttywrite.o
                0x0000000000107b33                ttywrite
 .text          0x0000000000107b82      0x14b binaries/mount.o
                0x0000000000107b82                mount
                0x0000000000107c97                namlen
 .text          0x0000000000107ccd      0x1ea binaries/naminit.o
                0x0000000000107ccd                naminit
 .text          0x0000000000107eb7      0x211 binaries/nammap.o
                0x0000000000107eb7                nammap
                0x0000000000107f42                namrepl
                0x0000000000108078                namcpy
 .text          0x00000000001080c8       0x4e binaries/namopen.o
                0x00000000001080c8                namopen
 .text          0x0000000000108116       0x90 binaries/ethcontrol.o
                0x0000000000108116                ethcontrol
 .text          0x00000000001081a6      0x183 binaries/ethhandler.o
                0x00000000001081a6                ethhandler
 .text          0x0000000000108329      0x720 binaries/ethinit.o
                0x0000000000108329                eth_phy_read
                0x0000000000108393                eth_phy_write
                0x0000000000108407                eth_phy_reset
                0x000000000010854b                ethinit
 .text          0x0000000000108a49      0x17c binaries/ethmcast.o
                0x0000000000108a49                ethmcast_add
                0x0000000000108ac5                ethmcast_remove
 .text          0x0000000000108bc5      0x18b binaries/ethread.o
                0x0000000000108bc5                ethread
 .text          0x0000000000108d50       0xf5 binaries/ethwrite.o
                0x0000000000108d50                ethwrite
 .text          0x0000000000108e45       0x9e binaries/rdsbufalloc.o
                0x0000000000108e45                rdsbufalloc
 .text          0x0000000000108ee3       0xcc binaries/rdsclose.o
                0x0000000000108ee3                rdsclose
 .text          0x0000000000108faf      0x2e8 binaries/rdscomm.o
                0x0000000000108faf                rdscomm
 .text          0x0000000000109297      0x233 binaries/rdscontrol.o
                0x0000000000109297                rdscontrol
 .text          0x00000000001094ca      0x1f3 binaries/rdsinit.o
                0x00000000001094ca                rdsinit
 .text          0x00000000001096bd      0x19b binaries/rdsopen.o
                0x00000000001096bd                rdsopen
 .text          0x0000000000109858      0x461 binaries/rdsprocess.o
                0x0000000000109858                rdsprocess
 .text          0x0000000000109cb9      0x259 binaries/rdsread.o
                0x0000000000109cb9                rdsread
 .text          0x0000000000109f12      0x1fe binaries/rdswrite.o
                0x0000000000109f12                rdswrite
 .text          0x000000000010a110        0xa binaries/ramclose.o
                0x000000000010a110                ramclose
 .text          0x000000000010a11a       0x3e binaries/raminit.o
                0x000000000010a11a                raminit
 .text          0x000000000010a158        0xa binaries/ramopen.o
                0x000000000010a158                ramopen
 .text          0x000000000010a162       0x32 binaries/ramread.o
                0x000000000010a162                ramread
 .text          0x000000000010a194       0x32 binaries/ramwrite.o
                0x000000000010a194                ramwrite
 .text          0x000000000010a1c6       0x98 binaries/lfdballoc.o
                0x000000000010a1c6                lfdballoc
 .text          0x000000000010a25e       0x58 binaries/lfdbfree.o
                0x000000000010a25e                lfdbfree
 .text          0x000000000010a2b6       0xb6 binaries/lfflush.o
                0x000000000010a2b6                lfflush
 .text          0x000000000010a36c       0xd8 binaries/lfgetmode.o
                0x000000000010a36c                lfgetmode
 .text          0x000000000010a444       0x68 binaries/lfiballoc.o
                0x000000000010a444                lfiballoc
 .text          0x000000000010a4ac       0x3b binaries/lfibclear.o
                0x000000000010a4ac                lfibclear
 .text          0x000000000010a4e7       0xad binaries/lfibget.o
                0x000000000010a4e7                lfibget
 .text          0x000000000010a594       0xdc binaries/lfibput.o
                0x000000000010a594                lfibput
 .text          0x000000000010a670       0xa2 binaries/lflclose.o
                0x000000000010a670                lflclose
 .text          0x000000000010a712       0xd0 binaries/lflcontrol.o
                0x000000000010a712                lflcontrol
 .text          0x000000000010a7e2       0xf2 binaries/lflgetc.o
                0x000000000010a7e2                lflgetc
 .text          0x000000000010a8d4       0xf1 binaries/lflinit.o
                0x000000000010a8d4                lflinit
 .text          0x000000000010a9c5      0x122 binaries/lflputc.o
                0x000000000010a9c5                lflputc
 .text          0x000000000010aae7       0x70 binaries/lflread.o
                0x000000000010aae7                lflread
 .text          0x000000000010ab57       0xac binaries/lflseek.o
                0x000000000010ab57                lflseek
 .text          0x000000000010ac03       0x55 binaries/lflwrite.o
                0x000000000010ac03                lflwrite
 .text          0x000000000010ac58       0x62 binaries/lfscheck.o
                0x000000000010ac58                lfscheck
 .text          0x000000000010acba      0x175 binaries/lfsckfmt.o
                0x000000000010acba                lfsckfmt
 .text          0x000000000010ae2f      0x1ad binaries/lfscreate.o
                0x000000000010ae2f                lfscreate
 .text          0x000000000010afdc      0x278 binaries/lfsetup.o
                0x000000000010afdc                lfsetup
 .text          0x000000000010b254       0x51 binaries/lfsinit.o
                0x000000000010b254                lfsinit
 .text          0x000000000010b2a5      0x3c0 binaries/lfsopen.o
                0x000000000010b2a5                lfsopen
 .text          0x000000000010b665      0x15e binaries/lftruncate.o
                0x000000000010b665                lftruncate
 .text          0x000000000010b7c3       0x71 binaries/rflclose.o
                0x000000000010b7c3                rflclose
 .text          0x000000000010b834       0x32 binaries/rflgetc.o
                0x000000000010b834                rflgetc
 .text          0x000000000010b866       0x76 binaries/rflinit.o
                0x000000000010b866                rflinit
 .text          0x000000000010b8dc       0x33 binaries/rflputc.o
                0x000000000010b8dc                rflputc
 .text          0x000000000010b90f      0x360 binaries/rflread.o
                0x000000000010b90f                rflread
 .text          0x000000000010bc6f       0x74 binaries/rflseek.o
                0x000000000010bc6f                rflseek
 .text          0x000000000010bce3      0x34d binaries/rflwrite.o
                0x000000000010bce3                rflwrite
 .text          0x000000000010c030      0x1e2 binaries/rfscomm.o
                0x000000000010c030                rfscomm
 .text          0x000000000010c212      0x288 binaries/rfscontrol.o
                0x000000000010c212                rfscontrol
 .text          0x000000000010c49a       0xd8 binaries/rfsgetmode.o
                0x000000000010c49a                rfsgetmode
 .text          0x000000000010c572       0x86 binaries/rfsinit.o
                0x000000000010c572                rfsinit
 .text          0x000000000010c5f8      0x111 binaries/rfsndmsg.o
                0x000000000010c5f8                rfsndmsg
 .text          0x000000000010c709      0x2aa binaries/rfsopen.o
                0x000000000010c709                rfsopen
 .text          0x000000000010c9b3      0x836 binaries/arp.o
                0x000000000010c9b3                arp_init
                0x000000000010c9e5                arp_resolve
                0x000000000010cc99                arp_in
                0x000000000010cf51                arp_alloc
                0x000000000010d011                arp_ntoh
                0x000000000010d0fd                arp_hton
 .text          0x000000000010d1e9      0x8e3 binaries/dhcp.o
                0x000000000010d1e9                dhcp_get_opt_val
                0x000000000010d242                dhcp_bld_bootp_msg
                0x000000000010d34f                dhcp_bld_disc
                0x000000000010d438                dhcp_bld_req
                0x000000000010d5aa                getlocalip
 .text          0x000000000010dacc      0x59f binaries/dns.o
                0x000000000010dacc                dnslookup
 .text          0x000000000010e06b       0xe8 binaries/dot2ip.o
                0x000000000010e06b                dot2ip
 .text          0x000000000010e153      0x4c4 binaries/hexdump.o
                0x000000000010e153                hexdump
                0x000000000010e2fa                hexadump
 .text          0x000000000010e617      0x8a8 binaries/icmp.o
                0x000000000010e617                icmp_init
                0x000000000010e64e                icmp_in
                0x000000000010e824                icmp_register
                0x000000000010e91f                icmp_recv
                0x000000000010eaab                icmp_send
                0x000000000010eb33                icmp_mkpkt
                0x000000000010ec4d                icmp_release
                0x000000000010ed4b                icmp_cksum
                0x000000000010edd7                icmp_hton
                0x000000000010ee4b                icmp_ntoh
 .text          0x000000000010eebf      0x8a5 binaries/ip.o
                0x000000000010eebf                ip_in
                0x000000000010f043                ip_send
                0x000000000010f19e                ip_local
                0x000000000010f1ea                ip_out
                0x000000000010f323                ipcksum
                0x000000000010f3a9                ip_ntoh
                0x000000000010f495                ip_hton
                0x000000000010f581                ipout
                0x000000000010f6b0                ip_enqueue
 .text          0x000000000010f764      0x2cd binaries/net.o
                0x000000000010f764                net_init
                0x000000000010f88c                netin
                0x000000000010f949                eth_hton
                0x000000000010f973                eth_ntoh
                0x000000000010f99d                getport
 .text          0x000000000010fa31     0x147f binaries/pdump.o
                0x000000000010fa31                pdump
                0x00000000001107ee                pdumph
 .text          0x0000000000110eb0      0x4b7 binaries/tftp.o
                0x0000000000110eb0                tftp_send1
                0x0000000000111028                tftpget
 .text          0x0000000000111367      0xb82 binaries/udp.o
                0x0000000000111367                udp_init
                0x000000000011139c                udp_in
                0x00000000001114de                udp_register
                0x000000000011161b                udp_recv
                0x00000000001117b7                udp_recvaddr
                0x000000000011196b                udp_send
                0x0000000000111b53                udp_sendto
                0x0000000000111d04                udp_release
                0x0000000000111dff                udp_ntoh
                0x0000000000111e74                udp_hton
 .text          0x0000000000111ee9      0x13b binaries/addargs.o
                0x0000000000111ee9                addargs
 .text          0x0000000000112024      0x2c9 binaries/lexan.o
                0x0000000000112024                lexan
 .text          0x00000000001122ed      0x665 binaries/shell.o
                0x00000000001122ed                shell
 .text          0x0000000000112952       0x69 binaries/xsh_argecho.o
                0x0000000000112952                xsh_argecho
 .text          0x00000000001129bb      0x275 binaries/xsh_arp.o
                0x00000000001129bb                xsh_arp
 .text          0x0000000000112c30      0x26f binaries/xsh_cat.o
                0x0000000000112c30                xsh_cat
 .text          0x0000000000112e9f       0x5e binaries/xsh_clear.o
                0x0000000000112e9f                xsh_clear
 .text          0x0000000000112efd      0x2f7 binaries/xsh_date.o
                0x0000000000112efd                xsh_date
 .text          0x00000000001131f4       0xae binaries/xsh_devdump.o
                0x00000000001131f4                xsh_devdump
 .text          0x00000000001132a2       0x72 binaries/xsh_echo.o
                0x00000000001132a2                xsh_echo
 .text          0x0000000000113314        0xa binaries/xsh_exit.o
                0x0000000000113314                xsh_exit
 .text          0x000000000011331e      0x389 binaries/xsh_help.o
                0x000000000011331e                xsh_help
 .text          0x00000000001136a7      0x249 binaries/xsh_kill.o
                0x00000000001136a7                xsh_kill
 .text          0x00000000001138f0      0x545 binaries/xsh_memdump.o
                0x00000000001138f0                xsh_memdump
 .text          0x0000000000113e35      0x2af binaries/xsh_memstat.o
                0x0000000000113e35                xsh_memstat
 .text          0x00000000001140e4      0x50d binaries/xsh_netinfo.o
                0x00000000001140e4                xsh_netinfo
 .text          0x00000000001145f1      0x48f binaries/xsh_ping.o
                0x00000000001145f1                xsh_ping
 .text          0x0000000000114a80      0x227 binaries/xsh_ps.o
                0x0000000000114a80                xsh_ps
 .text          0x0000000000114ca7      0x225 binaries/xsh_sleep.o
                0x0000000000114ca7                xsh_sleep
 .text          0x0000000000114ecc      0x27a binaries/xsh_udpdump.o
                0x0000000000114ecc                xsh_udpdump
 .text          0x0000000000115146      0x4bf binaries/xsh_udpecho.o
                0x0000000000115146                xsh_udpecho
 .text          0x0000000000115605      0x2b0 binaries/xsh_udpserver.o
                0x0000000000115605                xsh_udpeserver
 .text          0x00000000001158b5      0x1f3 binaries/xsh_uptime.o
                0x00000000001158b5                xsh_uptime
 .text          0x0000000000115aa8        0xe binaries/clkdisp.o
                0x0000000000115aa8                clkdisp
 .text          0x0000000000115ab6       0x19 binaries/ctxsw.o
                0x0000000000115ab6                ctxsw
 .text          0x0000000000115acf      0x36b binaries/intr.o
                0x0000000000115acf                disable
                0x0000000000115ad8                restore
                0x0000000000115ae6                enable
                0x0000000000115ae8                pause
                0x0000000000115aef                halt
                0x0000000000115af5                spurious_irq7
                0x0000000000115afa                spurious_irq15
                0x0000000000115b09                _Xint0
                0x0000000000115b14                _Xint1
                0x0000000000115b1f                _Xint2
                0x0000000000115b2a                _Xint3
                0x0000000000115b35                _Xint4
                0x0000000000115b40                _Xint5
                0x0000000000115b4b                _Xint6
                0x0000000000115b56                _Xint7
                0x0000000000115b61                _Xint8
                0x0000000000115b6c                _Xint9
                0x0000000000115b77                _Xint10
                0x0000000000115b82                _Xint11
                0x0000000000115b90                _Xint12
                0x0000000000115b9e                _Xint13
                0x0000000000115bac                _Xint14
                0x0000000000115bba                _Xint15
                0x0000000000115bc8                _Xint16
                0x0000000000115bd6                _Xint17
                0x0000000000115be4                _Xint18
                0x0000000000115bf2                _Xint19
                0x0000000000115c00                _Xint20
                0x0000000000115c0e                _Xint21
                0x0000000000115c1c                _Xint22
                0x0000000000115c2a                _Xint23
                0x0000000000115c38                _Xint24
                0x0000000000115c46                _Xint25
                0x0000000000115c54                _Xint26
                0x0000000000115c62                _Xint27
                0x0000000000115c70                _Xint28
                0x0000000000115c7e                _Xint29
                0x0000000000115c8c                _Xint30
                0x0000000000115c9a                _Xint31
                0x0000000000115ca8                _Xint32
                0x0000000000115cb6                _Xint33
                0x0000000000115cc4                _Xint34
                0x0000000000115cd2                _Xint35
                0x0000000000115ce0                _Xint36
                0x0000000000115cee                _Xint37
                0x0000000000115cfc                _Xint38
                0x0000000000115d0a                _Xint39
                0x0000000000115d18                _Xint40
                0x0000000000115d26                _Xint41
                0x0000000000115d34                _Xint42
                0x0000000000115d42                _Xint43
                0x0000000000115d50                _Xint44
                0x0000000000115d5e                _Xint45
                0x0000000000115d6c                _Xint46
                0x0000000000115d7a                defevec
 .text          0x0000000000115e3a        0xf binaries/ttydispatch.o
                0x0000000000115e3a                ttydispatch
 .text          0x0000000000115e49       0x13 binaries/ethdispatch.o
                0x0000000000115e49                ethdispatch
 *(.rodata .rodata.*)
 .rodata        0x0000000000115e5c       0x8e binaries/ascdate.o
 .rodata        0x0000000000115eea       0xae binaries/conf.o
 .rodata        0x0000000000115f98       0x83 binaries/early_imr.o
 *fill*         0x000000000011601b        0x1 
 .rodata        0x000000000011601c      0x231 binaries/evec.o
 *fill*         0x000000000011624d        0x3 
 .rodata        0x0000000000116250       0x61 binaries/getutime.o
 *fill*         0x00000000001162b1        0x3 
 .rodata        0x00000000001162b4      0x183 binaries/initialize.o
 *fill*         0x0000000000116437        0x1 
 .rodata        0x0000000000116438       0x20 binaries/kill.o
 .rodata        0x0000000000116458       0x2a binaries/main.o
 *fill*         0x0000000000116482        0x2 
 .rodata        0x0000000000116484       0x3e binaries/meminit.o
 .rodata        0x00000000001164c2        0xf binaries/panic.o
 .rodata        0x00000000001164d1       0x1d binaries/ptinit.o
 *fill*         0x00000000001164ee        0x2 
 .rodata        0x00000000001164f0       0x25 binaries/ptsend.o
 .rodata        0x0000000000116515       0x22 binaries/quark_pdat.o
 *fill*         0x0000000000116537        0x1 
 .rodata        0x0000000000116538       0xb7 binaries/stacktrace.o
 *fill*         0x00000000001165ef        0x1 
 .rodata        0x00000000001165f0       0x27 binaries/xdone.o
 *fill*         0x0000000000116617        0x9 
 .rodata        0x0000000000116620       0x81 binaries/ctype_.o
                0x0000000000116620                _ctype_
 *fill*         0x00000000001166a1        0x3 
 .rodata        0x00000000001166a4       0xee binaries/doprnt.o
 *fill*         0x0000000000116792        0x2 
 .rodata        0x0000000000116794       0x98 binaries/doscan.o
 .rodata        0x000000000011682c       0xae binaries/fdoprnt.o
 *fill*         0x00000000001168da        0x2 
 .rodata        0x00000000001168dc       0x20 binaries/ttycontrol.o
 .rodata        0x00000000001168fc       0x34 binaries/ttyhandler.o
 .rodata        0x0000000000116930       0x80 binaries/naminit.o
 .rodata        0x00000000001169b0       0x46 binaries/ethinit.o
 *fill*         0x00000000001169f6        0x2 
 .rodata        0x00000000001169f8       0x2c binaries/rdsbufalloc.o
 .rodata        0x0000000000116a24       0x76 binaries/rdscomm.o
 *fill*         0x0000000000116a9a        0x2 
 .rodata        0x0000000000116a9c       0x48 binaries/rdscontrol.o
 .rodata        0x0000000000116ae4       0x96 binaries/rdsinit.o
 *fill*         0x0000000000116b7a        0x2 
 .rodata        0x0000000000116b7c       0x22 binaries/rdsopen.o
 *fill*         0x0000000000116b9e        0x2 
 .rodata        0x0000000000116ba0       0x4d binaries/rdsprocess.o
 .rodata        0x0000000000116bed        0x9 binaries/raminit.o
 *fill*         0x0000000000116bf6        0x2 
 .rodata        0x0000000000116bf8       0x37 binaries/lfdballoc.o
 .rodata        0x0000000000116c2f       0x14 binaries/lfiballoc.o
 *fill*         0x0000000000116c43        0x1 
 .rodata        0x0000000000116c44       0x23 binaries/lflcontrol.o
 *fill*         0x0000000000116c67        0x1 
 .rodata        0x0000000000116c68      0x11b binaries/lfsckfmt.o
 *fill*         0x0000000000116d83        0x1 
 .rodata        0x0000000000116d84       0x2a binaries/lfsopen.o
 *fill*         0x0000000000116dae        0x2 
 .rodata        0x0000000000116db0       0x21 binaries/rflread.o
 *fill*         0x0000000000116dd1        0x3 
 .rodata        0x0000000000116dd4       0x21 binaries/rflwrite.o
 *fill*         0x0000000000116df5        0x3 
 .rodata        0x0000000000116df8       0x75 binaries/rfscomm.o
 *fill*         0x0000000000116e6d        0x3 
 .rodata        0x0000000000116e70       0x3c binaries/rfscontrol.o
 .rodata        0x0000000000116eac       0x63 binaries/rfsinit.o
 *fill*         0x0000000000116f0f        0x1 
 .rodata        0x0000000000116f10       0x2a binaries/rfsndmsg.o
 *fill*         0x0000000000116f3a        0x2 
 .rodata        0x0000000000116f3c       0x22 binaries/rfsopen.o
 *fill*         0x0000000000116f5e        0x2 
 .rodata        0x0000000000116f60       0x3a binaries/arp.o
 *fill*         0x0000000000116f9a        0x2 
 .rodata        0x0000000000116f9c       0xcf binaries/dhcp.o
 .rodata        0x000000000011706b       0x1a binaries/dns.o
 *fill*         0x0000000000117085        0x3 
 .rodata        0x0000000000117088       0xc9 binaries/hexdump.o
 *fill*         0x0000000000117151        0x3 
 .rodata        0x0000000000117154       0x29 binaries/icmp.o
 *fill*         0x000000000011717d        0x3 
 .rodata        0x0000000000117180       0x6e binaries/ip.o
 *fill*         0x00000000001171ee        0x2 
 .rodata        0x00000000001171f0       0x4f binaries/net.o
 *fill*         0x000000000011723f        0x1 
 .rodata        0x0000000000117240      0x26f binaries/pdump.o
 *fill*         0x00000000001174af        0x1 
 .rodata        0x00000000001174b0      0x10c binaries/tftp.o
 *fill*         0x00000000001175bc        0x4 
 .rodata        0x00000000001175c0      0x3c1 binaries/shell.o
                0x0000000000117640                cmdtab
 .rodata        0x0000000000117981       0x28 binaries/xsh_argecho.o
 *fill*         0x00000000001179a9        0x3 
 .rodata        0x00000000001179ac      0x123 binaries/xsh_arp.o
 *fill*         0x0000000000117acf        0x1 
 .rodata        0x0000000000117ad0       0xc9 binaries/xsh_cat.o
 .rodata        0x0000000000117b99       0x19 binaries/xsh_clear.o
 *fill*         0x0000000000117bb2        0x2 
 .rodata        0x0000000000117bb4      0x1c3 binaries/xsh_date.o
 .rodata        0x0000000000117d77       0x5d binaries/xsh_devdump.o
 .rodata        0x0000000000117dd4        0x9 binaries/xsh_echo.o
 *fill*         0x0000000000117ddd        0x3 
 .rodata        0x0000000000117de0      0x169 binaries/xsh_help.o
 *fill*         0x0000000000117f49        0x3 
 .rodata        0x0000000000117f4c      0x12e binaries/xsh_kill.o
 *fill*         0x000000000011807a        0x2 
 .rodata        0x000000000011807c      0x266 binaries/xsh_memdump.o
 *fill*         0x00000000001182e2        0x2 
 .rodata        0x00000000001182e4      0x225 binaries/xsh_memstat.o
 *fill*         0x0000000000118509        0x3 
 .rodata        0x000000000011850c      0x1b0 binaries/xsh_netinfo.o
 .rodata        0x00000000001186bc      0x1a1 binaries/xsh_ping.o
 *fill*         0x000000000011885d        0x3 
 .rodata        0x0000000000118860      0x1e0 binaries/xsh_ps.o
 .rodata        0x0000000000118a40       0xeb binaries/xsh_sleep.o
 *fill*         0x0000000000118b2b        0x1 
 .rodata        0x0000000000118b2c      0x1b8 binaries/xsh_udpdump.o
 .rodata        0x0000000000118ce4      0x215 binaries/xsh_udpecho.o
 *fill*         0x0000000000118ef9        0x3 
 .rodata        0x0000000000118efc      0x12b binaries/xsh_udpserver.o
 *fill*         0x0000000000119027        0x1 
 .rodata        0x0000000000119028      0x105 binaries/xsh_uptime.o
                0x000000000011912d                etext = ABSOLUTE (.)
                0x000000000011a000                . = ALIGN (0x1000)
 *fill*         0x000000000011912d      0xed3 

.eh_frame       0x000000000011a000     0x2b94
 .eh_frame      0x000000000011a000       0x38 binaries/ascdate.o
 .eh_frame      0x000000000011a038       0x20 binaries/bufinit.o
                                         0x38 (size before relaxing)
 .eh_frame      0x000000000011a058       0x20 binaries/chprio.o
                                         0x38 (size before relaxing)
 .eh_frame      0x000000000011a078       0x20 binaries/clkhandler.o
                                         0x38 (size before relaxing)
 .eh_frame      0x000000000011a098       0x20 binaries/clkinit.o
                                         0x38 (size before relaxing)
 .eh_frame      0x000000000011a0b8       0x20 binaries/close.o
                                         0x38 (size before relaxing)
 .eh_frame      0x000000000011a0d8       0x20 binaries/control.o
                                         0x38 (size before relaxing)
 .eh_frame      0x000000000011a0f8       0x40 binaries/create.o
                                         0x58 (size before relaxing)
 .eh_frame      0x000000000011a138      0x104 binaries/early_imr.o
                                        0x11c (size before relaxing)
 .eh_frame      0x000000000011a23c       0x80 binaries/evec.o
                                         0x98 (size before relaxing)
 .eh_frame      0x000000000011a2bc       0x20 binaries/exit.o
                                         0x38 (size before relaxing)
 .eh_frame      0x000000000011a2dc       0x20 binaries/freebuf.o
                                         0x38 (size before relaxing)
 .eh_frame      0x000000000011a2fc       0x20 binaries/freemem.o
                                         0x38 (size before relaxing)
 .eh_frame      0x000000000011a31c       0x20 binaries/getbuf.o
                                         0x38 (size before relaxing)
 .eh_frame      0x000000000011a33c       0x20 binaries/getc.o
                                         0x38 (size before relaxing)
 .eh_frame      0x000000000011a35c       0x20 binaries/getdev.o
                                         0x38 (size before relaxing)
 .eh_frame      0x000000000011a37c       0x60 binaries/getitem.o
                                         0x78 (size before relaxing)
 .eh_frame      0x000000000011a3dc       0x20 binaries/getmem.o
                                         0x38 (size before relaxing)
 .eh_frame      0x000000000011a3fc       0x20 binaries/getpid.o
                                         0x38 (size before relaxing)
 .eh_frame      0x000000000011a41c       0x20 binaries/getprio.o
                                         0x38 (size before relaxing)
 .eh_frame      0x000000000011a43c       0x20 binaries/getstk.o
                                         0x38 (size before relaxing)
 .eh_frame      0x000000000011a45c       0x20 binaries/getticks.o
                                         0x38 (size before relaxing)
 .eh_frame      0x000000000011a47c       0x20 binaries/gettime.o
                                         0x38 (size before relaxing)
 .eh_frame      0x000000000011a49c       0x20 binaries/getutime.o
                                         0x38 (size before relaxing)
 .eh_frame      0x000000000011a4bc       0x20 binaries/init.o
                                         0x38 (size before relaxing)
 .eh_frame      0x000000000011a4dc       0xa0 binaries/initialize.o
                                         0xb8 (size before relaxing)
 .eh_frame      0x000000000011a57c       0x20 binaries/insert.o
                                         0x38 (size before relaxing)
 .eh_frame      0x000000000011a59c       0x20 binaries/insertd.o
                                         0x38 (size before relaxing)
 .eh_frame      0x000000000011a5bc       0x20 binaries/ioerr.o
                                         0x38 (size before relaxing)
 .eh_frame      0x000000000011a5dc       0x20 binaries/ionull.o
                                         0x38 (size before relaxing)
 .eh_frame      0x000000000011a5fc       0x20 binaries/kill.o
                                         0x38 (size before relaxing)
 .eh_frame      0x000000000011a61c       0x60 binaries/kprintf.o
                                         0x78 (size before relaxing)
 .eh_frame      0x000000000011a67c       0x24 binaries/main.o
                                         0x3c (size before relaxing)
 .eh_frame      0x000000000011a6a0       0x40 binaries/mark.o
                                         0x58 (size before relaxing)
 .eh_frame      0x000000000011a6e0       0x44 binaries/meminit.o
                                         0x5c (size before relaxing)
 .eh_frame      0x000000000011a724       0x20 binaries/mkbufpool.o
                                         0x38 (size before relaxing)
 .eh_frame      0x000000000011a744       0x20 binaries/newqueue.o
                                         0x38 (size before relaxing)
 .eh_frame      0x000000000011a764       0x20 binaries/open.o
                                         0x38 (size before relaxing)
 .eh_frame      0x000000000011a784       0x1c binaries/panic.o
                                         0x34 (size before relaxing)
 .eh_frame      0x000000000011a7a0      0x1c0 binaries/pci.o
                                        0x1d8 (size before relaxing)
 .eh_frame      0x000000000011a960       0x60 binaries/platinit.o
                                         0x78 (size before relaxing)
 .eh_frame      0x000000000011a9c0       0x20 binaries/ptclear.o
                                         0x38 (size before relaxing)
 .eh_frame      0x000000000011a9e0       0x20 binaries/ptcount.o
                                         0x38 (size before relaxing)
 .eh_frame      0x000000000011aa00       0x20 binaries/ptcreate.o
                                         0x38 (size before relaxing)
 .eh_frame      0x000000000011aa20       0x20 binaries/ptdelete.o
                                         0x38 (size before relaxing)
 .eh_frame      0x000000000011aa40       0x20 binaries/ptinit.o
                                         0x38 (size before relaxing)
 .eh_frame      0x000000000011aa60       0x20 binaries/ptrecv.o
                                         0x38 (size before relaxing)
 .eh_frame      0x000000000011aa80       0x20 binaries/ptreset.o
                                         0x38 (size before relaxing)
 .eh_frame      0x000000000011aaa0       0x20 binaries/ptsend.o
                                         0x38 (size before relaxing)
 .eh_frame      0x000000000011aac0       0x20 binaries/putc.o
                                         0x38 (size before relaxing)
 .eh_frame      0x000000000011aae0       0x20 binaries/quark_irq.o
                                         0x38 (size before relaxing)
 .eh_frame      0x000000000011ab00       0x40 binaries/quark_pdat.o
                                         0x58 (size before relaxing)
 .eh_frame      0x000000000011ab40       0x40 binaries/queue.o
                                         0x58 (size before relaxing)
 .eh_frame      0x000000000011ab80       0x20 binaries/read.o
                                         0x38 (size before relaxing)
 .eh_frame      0x000000000011aba0       0x24 binaries/ready.o
                                         0x3c (size before relaxing)
 .eh_frame      0x000000000011abc4       0x20 binaries/receive.o
                                         0x38 (size before relaxing)
 .eh_frame      0x000000000011abe4       0x20 binaries/recvclr.o
                                         0x38 (size before relaxing)
 .eh_frame      0x000000000011ac04       0x20 binaries/recvtime.o
                                         0x38 (size before relaxing)
 .eh_frame      0x000000000011ac24       0x40 binaries/resched.o
                                         0x58 (size before relaxing)
 .eh_frame      0x000000000011ac64       0x20 binaries/resume.o
                                         0x38 (size before relaxing)
 .eh_frame      0x000000000011ac84       0x20 binaries/seek.o
                                         0x38 (size before relaxing)
 .eh_frame      0x000000000011aca4       0x20 binaries/semcount.o
                                         0x38 (size before relaxing)
 .eh_frame      0x000000000011acc4       0x40 binaries/semcreate.o
                                         0x58 (size before relaxing)
 .eh_frame      0x000000000011ad04       0x20 binaries/semdelete.o
                                         0x38 (size before relaxing)
 .eh_frame      0x000000000011ad24       0x20 binaries/semreset.o
                                         0x38 (size before relaxing)
 .eh_frame      0x000000000011ad44       0x20 binaries/send.o
                                         0x38 (size before relaxing)
 .eh_frame      0x000000000011ad64       0x20 binaries/signal.o
                                         0x38 (size before relaxing)
 .eh_frame      0x000000000011ad84       0x20 binaries/signaln.o
                                         0x38 (size before relaxing)
 .eh_frame      0x000000000011ada4       0x40 binaries/sleep.o
                                         0x58 (size before relaxing)
 .eh_frame      0x000000000011ade4       0x20 binaries/stacktrace.o
                                         0x38 (size before relaxing)
 .eh_frame      0x000000000011ae04       0x20 binaries/suspend.o
                                         0x38 (size before relaxing)
 .eh_frame      0x000000000011ae24       0x20 binaries/unsleep.o
                                         0x38 (size before relaxing)
 .eh_frame      0x000000000011ae44       0x20 binaries/userret.o
                                         0x38 (size before relaxing)
 .eh_frame      0x000000000011ae64       0x20 binaries/wait.o
                                         0x38 (size before relaxing)
 .eh_frame      0x000000000011ae84       0x20 binaries/wakeup.o
                                         0x38 (size before relaxing)
 .eh_frame      0x000000000011aea4       0x20 binaries/write.o
                                         0x38 (size before relaxing)
 .eh_frame      0x000000000011aec4       0x20 binaries/xdone.o
                                         0x38 (size before relaxing)
 .eh_frame      0x000000000011aee4       0x20 binaries/yield.o
                                         0x38 (size before relaxing)
 .eh_frame      0x000000000011af04       0x20 binaries/abs.o
                                         0x38 (size before relaxing)
 .eh_frame      0x000000000011af24       0x20 binaries/atoi.o
                                         0x38 (size before relaxing)
 .eh_frame      0x000000000011af44       0x20 binaries/atol.o
                                         0x38 (size before relaxing)
 .eh_frame      0x000000000011af64       0x20 binaries/bzero.o
                                         0x38 (size before relaxing)
 .eh_frame      0x000000000011af84       0xe0 binaries/doprnt.o
                                         0xf8 (size before relaxing)
 .eh_frame      0x000000000011b064       0xb0 binaries/doscan.o
                                         0xc8 (size before relaxing)
 .eh_frame      0x000000000011b114       0xc0 binaries/fdoprnt.o
                                         0xd8 (size before relaxing)
 .eh_frame      0x000000000011b1d4       0x20 binaries/fgetc.o
                                         0x38 (size before relaxing)
 .eh_frame      0x000000000011b1f4       0x20 binaries/fgets.o
                                         0x38 (size before relaxing)
 .eh_frame      0x000000000011b214       0x20 binaries/fprintf.o
                                         0x38 (size before relaxing)
 .eh_frame      0x000000000011b234       0x20 binaries/fputc.o
                                         0x38 (size before relaxing)
 .eh_frame      0x000000000011b254       0x20 binaries/fputs.o
                                         0x38 (size before relaxing)
 .eh_frame      0x000000000011b274       0x60 binaries/fscanf.o
                                         0x78 (size before relaxing)
 .eh_frame      0x000000000011b2d4       0x20 binaries/getchar.o
                                         0x38 (size before relaxing)
 .eh_frame      0x000000000011b2f4       0x20 binaries/labs.o
                                         0x38 (size before relaxing)
 .eh_frame      0x000000000011b314       0x20 binaries/memcmp.o
                                         0x38 (size before relaxing)
 .eh_frame      0x000000000011b334       0x24 binaries/memcpy.o
                                         0x3c (size before relaxing)
 .eh_frame      0x000000000011b358       0x24 binaries/memset.o
                                         0x3c (size before relaxing)
 .eh_frame      0x000000000011b37c       0x20 binaries/printf.o
                                         0x38 (size before relaxing)
 .eh_frame      0x000000000011b39c       0x20 binaries/putchar.o
                                         0x38 (size before relaxing)
 .eh_frame      0x000000000011b3bc       0xa8 binaries/qsort.o
                                         0xc0 (size before relaxing)
 .eh_frame      0x000000000011b464       0x60 binaries/rand.o
                                         0x78 (size before relaxing)
 .eh_frame      0x000000000011b4c4       0x40 binaries/sprintf.o
                                         0x58 (size before relaxing)
 .eh_frame      0x000000000011b504       0x60 binaries/sscanf.o
                                         0x78 (size before relaxing)
 .eh_frame      0x000000000011b564       0x20 binaries/strchr.o
                                         0x38 (size before relaxing)
 .eh_frame      0x000000000011b584       0x20 binaries/strcmp.o
                                         0x38 (size before relaxing)
 .eh_frame      0x000000000011b5a4       0x20 binaries/strcpy.o
                                         0x38 (size before relaxing)
 .eh_frame      0x000000000011b5c4       0x20 binaries/strlen.o
                                         0x38 (size before relaxing)
 .eh_frame      0x000000000011b5e4       0x20 binaries/strncat.o
                                         0x38 (size before relaxing)
 .eh_frame      0x000000000011b604       0x20 binaries/strncmp.o
                                         0x38 (size before relaxing)
 .eh_frame      0x000000000011b624       0x28 binaries/strncpy.o
                                         0x40 (size before relaxing)
 .eh_frame      0x000000000011b64c       0x20 binaries/strnlen.o
                                         0x38 (size before relaxing)
 .eh_frame      0x000000000011b66c       0x20 binaries/strrchr.o
                                         0x38 (size before relaxing)
 .eh_frame      0x000000000011b68c       0x20 binaries/strstr.o
                                         0x38 (size before relaxing)
 .eh_frame      0x000000000011b6ac       0x20 binaries/ttycontrol.o
                                         0x38 (size before relaxing)
 .eh_frame      0x000000000011b6cc       0x20 binaries/ttygetc.o
                                         0x38 (size before relaxing)
 .eh_frame      0x000000000011b6ec       0x80 binaries/ttyhandle_in.o
                                         0x98 (size before relaxing)
 .eh_frame      0x000000000011b76c       0x20 binaries/ttyhandle_out.o
                                         0x38 (size before relaxing)
 .eh_frame      0x000000000011b78c       0x20 binaries/ttyhandler.o
                                         0x38 (size before relaxing)
 .eh_frame      0x000000000011b7ac       0x20 binaries/ttyinit.o
                                         0x38 (size before relaxing)
 .eh_frame      0x000000000011b7cc       0x20 binaries/ttykickout.o
                                         0x38 (size before relaxing)
 .eh_frame      0x000000000011b7ec       0x20 binaries/ttyputc.o
                                         0x38 (size before relaxing)
 .eh_frame      0x000000000011b80c       0x24 binaries/ttyread.o
                                         0x3c (size before relaxing)
 .eh_frame      0x000000000011b830       0x20 binaries/ttywrite.o
                                         0x38 (size before relaxing)
 .eh_frame      0x000000000011b850       0x40 binaries/mount.o
                                         0x58 (size before relaxing)
 .eh_frame      0x000000000011b890       0x20 binaries/naminit.o
                                         0x38 (size before relaxing)
 .eh_frame      0x000000000011b8b0       0x60 binaries/nammap.o
                                         0x78 (size before relaxing)
 .eh_frame      0x000000000011b910       0x20 binaries/namopen.o
                                         0x38 (size before relaxing)
 .eh_frame      0x000000000011b930       0x20 binaries/ethcontrol.o
                                         0x38 (size before relaxing)
 .eh_frame      0x000000000011b950       0x20 binaries/ethhandler.o
                                         0x38 (size before relaxing)
 .eh_frame      0x000000000011b970       0x9c binaries/ethinit.o
                                         0xb4 (size before relaxing)
 .eh_frame      0x000000000011ba0c       0x40 binaries/ethmcast.o
                                         0x58 (size before relaxing)
 .eh_frame      0x000000000011ba4c       0x20 binaries/ethread.o
                                         0x38 (size before relaxing)
 .eh_frame      0x000000000011ba6c       0x20 binaries/ethwrite.o
                                         0x38 (size before relaxing)
 .eh_frame      0x000000000011ba8c       0x20 binaries/rdsbufalloc.o
                                         0x38 (size before relaxing)
 .eh_frame      0x000000000011baac       0x20 binaries/rdsclose.o
                                         0x38 (size before relaxing)
 .eh_frame      0x000000000011bacc       0x20 binaries/rdscomm.o
                                         0x38 (size before relaxing)
 .eh_frame      0x000000000011baec       0x20 binaries/rdscontrol.o
                                         0x38 (size before relaxing)
 .eh_frame      0x000000000011bb0c       0x20 binaries/rdsinit.o
                                         0x38 (size before relaxing)
 .eh_frame      0x000000000011bb2c       0x20 binaries/rdsopen.o
                                         0x38 (size before relaxing)
 .eh_frame      0x000000000011bb4c       0x1c binaries/rdsprocess.o
                                         0x34 (size before relaxing)
 .eh_frame      0x000000000011bb68       0x20 binaries/rdsread.o
                                         0x38 (size before relaxing)
 .eh_frame      0x000000000011bb88       0x20 binaries/rdswrite.o
                                         0x38 (size before relaxing)
 .eh_frame      0x000000000011bba8       0x20 binaries/ramclose.o
                                         0x38 (size before relaxing)
 .eh_frame      0x000000000011bbc8       0x20 binaries/raminit.o
                                         0x38 (size before relaxing)
 .eh_frame      0x000000000011bbe8       0x20 binaries/ramopen.o
                                         0x38 (size before relaxing)
 .eh_frame      0x000000000011bc08       0x20 binaries/ramread.o
                                         0x38 (size before relaxing)
 .eh_frame      0x000000000011bc28       0x20 binaries/ramwrite.o
                                         0x38 (size before relaxing)
 .eh_frame      0x000000000011bc48       0x20 binaries/lfdballoc.o
                                         0x38 (size before relaxing)
 .eh_frame      0x000000000011bc68       0x20 binaries/lfdbfree.o
                                         0x38 (size before relaxing)
 .eh_frame      0x000000000011bc88       0x20 binaries/lfflush.o
                                         0x38 (size before relaxing)
 .eh_frame      0x000000000011bca8       0x20 binaries/lfgetmode.o
                                         0x38 (size before relaxing)
 .eh_frame      0x000000000011bcc8       0x20 binaries/lfiballoc.o
                                         0x38 (size before relaxing)
 .eh_frame      0x000000000011bce8       0x20 binaries/lfibclear.o
                                         0x38 (size before relaxing)
 .eh_frame      0x000000000011bd08       0x20 binaries/lfibget.o
                                         0x38 (size before relaxing)
 .eh_frame      0x000000000011bd28       0x20 binaries/lfibput.o
                                         0x38 (size before relaxing)
 .eh_frame      0x000000000011bd48       0x20 binaries/lflclose.o
                                         0x38 (size before relaxing)
 .eh_frame      0x000000000011bd68       0x20 binaries/lflcontrol.o
                                         0x38 (size before relaxing)
 .eh_frame      0x000000000011bd88       0x20 binaries/lflgetc.o
                                         0x38 (size before relaxing)
 .eh_frame      0x000000000011bda8       0x20 binaries/lflinit.o
                                         0x38 (size before relaxing)
 .eh_frame      0x000000000011bdc8       0x20 binaries/lflputc.o
                                         0x38 (size before relaxing)
 .eh_frame      0x000000000011bde8       0x20 binaries/lflread.o
                                         0x38 (size before relaxing)
 .eh_frame      0x000000000011be08       0x20 binaries/lflseek.o
                                         0x38 (size before relaxing)
 .eh_frame      0x000000000011be28       0x20 binaries/lflwrite.o
                                         0x38 (size before relaxing)
 .eh_frame      0x000000000011be48       0x20 binaries/lfscheck.o
                                         0x38 (size before relaxing)
 .eh_frame      0x000000000011be68       0x20 binaries/lfsckfmt.o
                                         0x38 (size before relaxing)
 .eh_frame      0x000000000011be88       0x20 binaries/lfscreate.o
                                         0x38 (size before relaxing)
 .eh_frame      0x000000000011bea8       0x20 binaries/lfsetup.o
                                         0x38 (size before relaxing)
 .eh_frame      0x000000000011bec8       0x20 binaries/lfsinit.o
                                         0x38 (size before relaxing)
 .eh_frame      0x000000000011bee8       0x20 binaries/lfsopen.o
                                         0x38 (size before relaxing)
 .eh_frame      0x000000000011bf08       0x20 binaries/lftruncate.o
                                         0x38 (size before relaxing)
 .eh_frame      0x000000000011bf28       0x20 binaries/rflclose.o
                                         0x38 (size before relaxing)
 .eh_frame      0x000000000011bf48       0x20 binaries/rflgetc.o
                                         0x38 (size before relaxing)
 .eh_frame      0x000000000011bf68       0x20 binaries/rflinit.o
                                         0x38 (size before relaxing)
 .eh_frame      0x000000000011bf88       0x20 binaries/rflputc.o
                                         0x38 (size before relaxing)
 .eh_frame      0x000000000011bfa8       0x20 binaries/rflread.o
                                         0x38 (size before relaxing)
 .eh_frame      0x000000000011bfc8       0x20 binaries/rflseek.o
                                         0x38 (size before relaxing)
 .eh_frame      0x000000000011bfe8       0x20 binaries/rflwrite.o
                                         0x38 (size before relaxing)
 .eh_frame      0x000000000011c008       0x20 binaries/rfscomm.o
                                         0x38 (size before relaxing)
 .eh_frame      0x000000000011c028       0x20 binaries/rfscontrol.o
                                         0x38 (size before relaxing)
 .eh_frame      0x000000000011c048       0x20 binaries/rfsgetmode.o
                                         0x38 (size before relaxing)
 .eh_frame      0x000000000011c068       0x20 binaries/rfsinit.o
                                         0x38 (size before relaxing)
 .eh_frame      0x000000000011c088       0x20 binaries/rfsndmsg.o
                                         0x38 (size before relaxing)
 .eh_frame      0x000000000011c0a8       0x20 binaries/rfsopen.o
                                         0x38 (size before relaxing)
 .eh_frame      0x000000000011c0c8       0xc0 binaries/arp.o
                                         0xd8 (size before relaxing)
 .eh_frame      0x000000000011c188       0xa0 binaries/dhcp.o
                                         0xb8 (size before relaxing)
 .eh_frame      0x000000000011c228       0x80 binaries/dns.o
                                         0x98 (size before relaxing)
 .eh_frame      0x000000000011c2a8       0x20 binaries/dot2ip.o
                                         0x38 (size before relaxing)
 .eh_frame      0x000000000011c2c8       0x40 binaries/hexdump.o
                                         0x58 (size before relaxing)
 .eh_frame      0x000000000011c308      0x14c binaries/icmp.o
                                        0x164 (size before relaxing)
 .eh_frame      0x000000000011c454      0x11c binaries/ip.o
                                        0x134 (size before relaxing)
 .eh_frame      0x000000000011c570       0xa0 binaries/net.o
                                         0xb8 (size before relaxing)
 .eh_frame      0x000000000011c610       0x60 binaries/pdump.o
                                         0x78 (size before relaxing)
 .eh_frame      0x000000000011c670       0x4c binaries/tftp.o
                                         0x64 (size before relaxing)
 .eh_frame      0x000000000011c6bc      0x140 binaries/udp.o
                                        0x158 (size before relaxing)
 .eh_frame      0x000000000011c7fc       0x20 binaries/addargs.o
                                         0x38 (size before relaxing)
 .eh_frame      0x000000000011c81c       0x20 binaries/lexan.o
                                         0x38 (size before relaxing)
 .eh_frame      0x000000000011c83c       0x20 binaries/shell.o
                                         0x38 (size before relaxing)
 .eh_frame      0x000000000011c85c       0x20 binaries/xsh_argecho.o
                                         0x38 (size before relaxing)
 .eh_frame      0x000000000011c87c       0x40 binaries/xsh_arp.o
                                         0x58 (size before relaxing)
 .eh_frame      0x000000000011c8bc       0x20 binaries/xsh_cat.o
                                         0x38 (size before relaxing)
 .eh_frame      0x000000000011c8dc       0x20 binaries/xsh_clear.o
                                         0x38 (size before relaxing)
 .eh_frame      0x000000000011c8fc       0x20 binaries/xsh_date.o
                                         0x38 (size before relaxing)
 .eh_frame      0x000000000011c91c       0x20 binaries/xsh_devdump.o
                                         0x38 (size before relaxing)
 .eh_frame      0x000000000011c93c       0x20 binaries/xsh_echo.o
                                         0x38 (size before relaxing)
 .eh_frame      0x000000000011c95c       0x20 binaries/xsh_exit.o
                                         0x38 (size before relaxing)
 .eh_frame      0x000000000011c97c       0x20 binaries/xsh_help.o
                                         0x38 (size before relaxing)
 .eh_frame      0x000000000011c99c       0x20 binaries/xsh_kill.o
                                         0x38 (size before relaxing)
 .eh_frame      0x000000000011c9bc       0x40 binaries/xsh_memdump.o
                                         0x58 (size before relaxing)
 .eh_frame      0x000000000011c9fc       0x60 binaries/xsh_memstat.o
                                         0x78 (size before relaxing)
 .eh_frame      0x000000000011ca5c       0x30 binaries/xsh_netinfo.o
                                         0x48 (size before relaxing)
 .eh_frame      0x000000000011ca8c       0x24 binaries/xsh_ping.o
                                         0x3c (size before relaxing)
 .eh_frame      0x000000000011cab0       0x30 binaries/xsh_ps.o
                                         0x48 (size before relaxing)
 .eh_frame      0x000000000011cae0       0x20 binaries/xsh_sleep.o
                                         0x38 (size before relaxing)
 .eh_frame      0x000000000011cb00       0x20 binaries/xsh_udpdump.o
                                         0x38 (size before relaxing)
 .eh_frame      0x000000000011cb20       0x30 binaries/xsh_udpecho.o
                                         0x48 (size before relaxing)
 .eh_frame      0x000000000011cb50       0x24 binaries/xsh_udpserver.o
                                         0x3c (size before relaxing)
 .eh_frame      0x000000000011cb74       0x20 binaries/xsh_uptime.o
                                         0x38 (size before relaxing)

.iplt           0x000000000011cba0        0x0
 .iplt          0x000000000011cba0        0x0 binaries/start.o

.rel.dyn        0x000000000011cb94        0x0
 .rel.iplt      0x000000000011cb94        0x0 binaries/start.o
 .rel.text      0x000000000011cb94        0x0 binaries/start.o
 .rel.data      0x000000000011cb94        0x0 binaries/start.o
 .rel.rodata    0x000000000011cb94        0x0 binaries/start.o

.data           0x000000000011cba0     0x1460
                0x000000000011cba0                data = ABSOLUTE (.)
 *(.data .data.*)
 .data          0x000000000011cba0      0x83a binaries/start.o
                0x000000000011cba0                gdt
                0x000000000011cbd0                idt
                0x000000000011d3d6                cpudelay
 *fill*         0x000000000011d3da        0x6 
 .data          0x000000000011d3e0       0x88 binaries/ascdate.o
                0x000000000011d3e0                Date
 .data          0x000000000011d468        0x0 binaries/bufinit.o
 .data          0x000000000011d468        0x0 binaries/chprio.o
 .data          0x000000000011d468        0x4 binaries/clkhandler.o
 .data          0x000000000011d46c        0x0 binaries/clkinit.o
 .data          0x000000000011d46c        0x0 binaries/close.o
 *fill*         0x000000000011d46c       0x14 
 .data          0x000000000011d480      0x5a0 binaries/conf.o
                0x000000000011d480                devtab
 .data          0x000000000011da20        0x0 binaries/control.o
 .data          0x000000000011da20        0x4 binaries/create.o
 .data          0x000000000011da24        0x0 binaries/early_imr.o
 *fill*         0x000000000011da24       0x1c 
 .data          0x000000000011da40       0x40 binaries/evec.o
                0x000000000011da40                inames
 .data          0x000000000011da80        0x0 binaries/exit.o
 .data          0x000000000011da80        0x0 binaries/freebuf.o
 .data          0x000000000011da80        0x0 binaries/freemem.o
 .data          0x000000000011da80        0x0 binaries/getbuf.o
 .data          0x000000000011da80        0x0 binaries/getc.o
 .data          0x000000000011da80        0x0 binaries/getdev.o
 .data          0x000000000011da80        0x0 binaries/getitem.o
 .data          0x000000000011da80        0x0 binaries/getmem.o
 .data          0x000000000011da80        0x0 binaries/getpid.o
 .data          0x000000000011da80        0x0 binaries/getprio.o
 .data          0x000000000011da80        0x0 binaries/getstk.o
 .data          0x000000000011da80        0x0 binaries/getticks.o
 .data          0x000000000011da80        0x0 binaries/gettime.o
 .data          0x000000000011da80        0x0 binaries/getutime.o
 .data          0x000000000011da80        0x0 binaries/init.o
 .data          0x000000000011da80        0x0 binaries/initialize.o
 .data          0x000000000011da80        0x0 binaries/insert.o
 .data          0x000000000011da80        0x0 binaries/insertd.o
 .data          0x000000000011da80        0x0 binaries/ioerr.o
 .data          0x000000000011da80        0x0 binaries/ionull.o
 .data          0x000000000011da80        0x0 binaries/kill.o
 .data          0x000000000011da80        0x0 binaries/kprintf.o
 .data          0x000000000011da80        0x0 binaries/main.o
 .data          0x000000000011da80        0x0 binaries/mark.o
 .data          0x000000000011da80       0x40 binaries/meminit.o
                0x000000000011da80                bootsign
                0x000000000011da84                bootinfo
                0x000000000011daa0                gdt_copy
 .data          0x000000000011dac0        0x0 binaries/mkbufpool.o
 .data          0x000000000011dac0        0x2 binaries/newqueue.o
 .data          0x000000000011dac2        0x0 binaries/open.o
 .data          0x000000000011dac2        0x0 binaries/panic.o
 .data          0x000000000011dac2        0x0 binaries/pci.o
 .data          0x000000000011dac2        0x0 binaries/platinit.o
 .data          0x000000000011dac2        0x0 binaries/ptclear.o
 .data          0x000000000011dac2        0x0 binaries/ptcount.o
 .data          0x000000000011dac2        0x0 binaries/ptcreate.o
 .data          0x000000000011dac2        0x0 binaries/ptdelete.o
 .data          0x000000000011dac2        0x0 binaries/ptinit.o
 .data          0x000000000011dac2        0x0 binaries/ptrecv.o
 .data          0x000000000011dac2        0x0 binaries/ptreset.o
 .data          0x000000000011dac2        0x0 binaries/ptsend.o
 .data          0x000000000011dac2        0x0 binaries/putc.o
 .data          0x000000000011dac2        0x0 binaries/quark_irq.o
 .data          0x000000000011dac2        0x0 binaries/quark_pdat.o
 .data          0x000000000011dac2        0x0 binaries/queue.o
[...]
 .comment       0x000000000000002a       0x2b binaries/hexdump.o
 .comment       0x000000000000002a       0x2b binaries/icmp.o
 .comment       0x000000000000002a       0x2b binaries/ip.o
 .comment       0x000000000000002a       0x2b binaries/net.o
 .comment       0x000000000000002a       0x2b binaries/pdump.o
 .comment       0x000000000000002a       0x2b binaries/tftp.o
 .comment       0x000000000000002a       0x2b binaries/udp.o
 .comment       0x000000000000002a       0x2b binaries/addargs.o
 .comment       0x000000000000002a       0x2b binaries/lexan.o
 .comment       0x000000000000002a       0x2b binaries/shell.o
 .comment       0x000000000000002a       0x2b binaries/xsh_argecho.o
 .comment       0x000000000000002a       0x2b binaries/xsh_arp.o
 .comment       0x000000000000002a       0x2b binaries/xsh_cat.o
 .comment       0x000000000000002a       0x2b binaries/xsh_clear.o
 .comment       0x000000000000002a       0x2b binaries/xsh_date.o
 .comment       0x000000000000002a       0x2b binaries/xsh_devdump.o
 .comment       0x000000000000002a       0x2b binaries/xsh_echo.o
 .comment       0x000000000000002a       0x2b binaries/xsh_exit.o
 .comment       0x000000000000002a       0x2b binaries/xsh_help.o
 .comment       0x000000000000002a       0x2b binaries/xsh_kill.o
 .comment       0x000000000000002a       0x2b binaries/xsh_memdump.o
 .comment       0x000000000000002a       0x2b binaries/xsh_memstat.o
 .comment       0x000000000000002a       0x2b binaries/xsh_netinfo.o
 .comment       0x000000000000002a       0x2b binaries/xsh_ping.o
 .comment       0x000000000000002a       0x2b binaries/xsh_ps.o
 .comment       0x000000000000002a       0x2b binaries/xsh_sleep.o
 .comment       0x000000000000002a       0x2b binaries/xsh_udpdump.o
 .comment       0x000000000000002a       0x2b binaries/xsh_udpecho.o
 .comment       0x000000000000002a       0x2b binaries/xsh_udpserver.o
 .comment       0x000000000000002a       0x2b binaries/xsh_uptime.o

.note.GNU-stack
                0x0000000000000000        0x0
 .note.GNU-stack
                0x0000000000000000        0x0 binaries/ascdate.o
 .note.GNU-stack
                0x0000000000000000        0x0 binaries/bufinit.o
 .note.GNU-stack
                0x0000000000000000        0x0 binaries/chprio.o
 .note.GNU-stack
                0x0000000000000000        0x0 binaries/clkhandler.o
 .note.GNU-stack
                0x0000000000000000        0x0 binaries/clkinit.o
 .note.GNU-stack
                0x0000000000000000        0x0 binaries/close.o
 .note.GNU-stack
                0x0000000000000000        0x0 binaries/conf.o
 .note.GNU-stack
                0x0000000000000000        0x0 binaries/control.o
 .note.GNU-stack
                0x0000000000000000        0x0 binaries/create.o
 .note.GNU-stack
                0x0000000000000000        0x0 binaries/early_imr.o
 .note.GNU-stack
                0x0000000000000000        0x0 binaries/evec.o
 .note.GNU-stack
                0x0000000000000000        0x0 binaries/exit.o
 .note.GNU-stack
                0x0000000000000000        0x0 binaries/freebuf.o
 .note.GNU-stack
                0x0000000000000000        0x0 binaries/freemem.o
 .note.GNU-stack
                0x0000000000000000        0x0 binaries/getbuf.o
 .note.GNU-stack
                0x0000000000000000        0x0 binaries/getc.o
 .note.GNU-stack
                0x0000000000000000        0x0 binaries/getdev.o
 .note.GNU-stack
                0x0000000000000000        0x0 binaries/getitem.o
 .note.GNU-stack
                0x0000000000000000        0x0 binaries/getmem.o
 .note.GNU-stack
                0x0000000000000000        0x0 binaries/getpid.o
 .note.GNU-stack
                0x0000000000000000        0x0 binaries/getprio.o
 .note.GNU-stack
                0x0000000000000000        0x0 binaries/getstk.o
 .note.GNU-stack
                0x0000000000000000        0x0 binaries/getticks.o
 .note.GNU-stack
                0x0000000000000000        0x0 binaries/gettime.o
 .note.GNU-stack
                0x0000000000000000        0x0 binaries/getutime.o
 .note.GNU-stack
                0x0000000000000000        0x0 binaries/init.o
 .note.GNU-stack
                0x0000000000000000        0x0 binaries/initialize.o
 .note.GNU-stack
                0x0000000000000000        0x0 binaries/insert.o
 .note.GNU-stack
                0x0000000000000000        0x0 binaries/insertd.o
 .note.GNU-stack
                0x0000000000000000        0x0 binaries/ioerr.o
 .note.GNU-stack
                0x0000000000000000        0x0 binaries/ionull.o
 .note.GNU-stack
                0x0000000000000000        0x0 binaries/kill.o
 .note.GNU-stack
                0x0000000000000000        0x0 binaries/kprintf.o
 .note.GNU-stack
                0x0000000000000000        0x0 binaries/main.o
 .note.GNU-stack
                0x0000000000000000        0x0 binaries/mark.o
 .note.GNU-stack
                0x0000000000000000        0x0 binaries/meminit.o
 .note.GNU-stack
                0x0000000000000000        0x0 binaries/mkbufpool.o
 .note.GNU-stack
                0x0000000000000000        0x0 binaries/newqueue.o
 .note.GNU-stack
                0x0000000000000000        0x0 binaries/open.o
 .note.GNU-stack
                0x0000000000000000        0x0 binaries/panic.o
 .note.GNU-stack
                0x0000000000000000        0x0 binaries/pci.o
 .note.GNU-stack
                0x0000000000000000        0x0 binaries/platinit.o
 .note.GNU-stack
                0x0000000000000000        0x0 binaries/ptclear.o
 .note.GNU-stack
                0x0000000000000000        0x0 binaries/ptcount.o
 .note.GNU-stack
                0x0000000000000000        0x0 binaries/ptcreate.o
 .note.GNU-stack
                0x0000000000000000        0x0 binaries/ptdelete.o
 .note.GNU-stack
                0x0000000000000000        0x0 binaries/ptinit.o
 .note.GNU-stack
                0x0000000000000000        0x0 binaries/ptrecv.o
 .note.GNU-stack
                0x0000000000000000        0x0 binaries/ptreset.o
 .note.GNU-stack
                0x0000000000000000        0x0 binaries/ptsend.o
 .note.GNU-stack
                0x0000000000000000        0x0 binaries/putc.o
 .note.GNU-stack
                0x0000000000000000        0x0 binaries/quark_irq.o
 .note.GNU-stack
                0x0000000000000000        0x0 binaries/quark_pdat.o
 .note.GNU-stack
                0x0000000000000000        0x0 binaries/queue.o
 .note.GNU-stack
                0x0000000000000000        0x0 binaries/read.o
 .note.GNU-stack
                0x0000000000000000        0x0 binaries/ready.o
 .note.GNU-stack
                0x0000000000000000        0x0 binaries/receive.o
 .note.GNU-stack
                0x0000000000000000        0x0 binaries/recvclr.o
 .note.GNU-stack
                0x0000000000000000        0x0 binaries/recvtime.o
 .note.GNU-stack
                0x0000000000000000        0x0 binaries/resched.o
 .note.GNU-stack
                0x0000000000000000        0x0 binaries/resume.o
 .note.GNU-stack
                0x0000000000000000        0x0 binaries/seek.o
 .note.GNU-stack
                0x0000000000000000        0x0 binaries/semcount.o
 .note.GNU-stack
                0x0000000000000000        0x0 binaries/semcreate.o
 .note.GNU-stack
                0x0000000000000000        0x0 binaries/semdelete.o
 .note.GNU-stack
                0x0000000000000000        0x0 binaries/semreset.o
 .note.GNU-stack
                0x0000000000000000        0x0 binaries/send.o
 .note.GNU-stack
                0x0000000000000000        0x0 binaries/signal.o
 .note.GNU-stack
                0x0000000000000000        0x0 binaries/signaln.o
 .note.GNU-stack
                0x0000000000000000        0x0 binaries/sleep.o
 .note.GNU-stack
                0x0000000000000000        0x0 binaries/stacktrace.o
 .note.GNU-stack
                0x0000000000000000        0x0 binaries/suspend.o
 .note.GNU-stack
                0x0000000000000000        0x0 binaries/unsleep.o
 .note.GNU-stack
                0x0000000000000000        0x0 binaries/userret.o
 .note.GNU-stack
                0x0000000000000000        0x0 binaries/wait.o
 .note.GNU-stack
                0x0000000000000000        0x0 binaries/wakeup.o
 .note.GNU-stack
                0x0000000000000000        0x0 binaries/write.o
 .note.GNU-stack
                0x0000000000000000        0x0 binaries/xdone.o
 .note.GNU-stack
                0x0000000000000000        0x0 binaries/yield.o
 .note.GNU-stack
                0x0000000000000000        0x0 binaries/abs.o
 .note.GNU-stack
                0x0000000000000000        0x0 binaries/atoi.o
 .note.GNU-stack
                0x0000000000000000        0x0 binaries/atol.o
 .note.GNU-stack
                0x0000000000000000        0x0 binaries/bzero.o
 .note.GNU-stack
                0x0000000000000000        0x0 binaries/ctype_.o
 .note.GNU-stack
                0x0000000000000000        0x0 binaries/doprnt.o
 .note.GNU-stack
                0x0000000000000000        0x0 binaries/doscan.o
 .note.GNU-stack
                0x0000000000000000        0x0 binaries/fdoprnt.o
 .note.GNU-stack
                0x0000000000000000        0x0 binaries/fgetc.o
 .note.GNU-stack
                0x0000000000000000        0x0 binaries/fgets.o
 .note.GNU-stack
                0x0000000000000000        0x0 binaries/fprintf.o
 .note.GNU-stack
                0x0000000000000000        0x0 binaries/fputc.o
 .note.GNU-stack
                0x0000000000000000        0x0 binaries/fputs.o
 .note.GNU-stack
                0x0000000000000000        0x0 binaries/fscanf.o
 .note.GNU-stack
                0x0000000000000000        0x0 binaries/getchar.o
 .note.GNU-stack
                0x0000000000000000        0x0 binaries/labs.o
 .note.GNU-stack
                0x0000000000000000        0x0 binaries/memchr.o
 .note.GNU-stack
                0x0000000000000000        0x0 binaries/memcmp.o
 .note.GNU-stack
                0x0000000000000000        0x0 binaries/memcpy.o
 .note.GNU-stack
                0x0000000000000000        0x0 binaries/memset.o
 .note.GNU-stack
                0x0000000000000000        0x0 binaries/printf.o
 .note.GNU-stack
                0x0000000000000000        0x0 binaries/putchar.o
 .note.GNU-stack
                0x0000000000000000        0x0 binaries/qsort.o
 .note.GNU-stack
                0x0000000000000000        0x0 binaries/rand.o
 .note.GNU-stack
                0x0000000000000000        0x0 binaries/sprintf.o
 .note.GNU-stack
                0x0000000000000000        0x0 binaries/sscanf.o
 .note.GNU-stack
                0x0000000000000000        0x0 binaries/strchr.o
 .note.GNU-stack
                0x0000000000000000        0x0 binaries/strcmp.o
 .note.GNU-stack
                0x0000000000000000        0x0 binaries/strcpy.o
 .note.GNU-stack
                0x0000000000000000        0x0 binaries/strlen.o
 .note.GNU-stack
                0x0000000000000000        0x0 binaries/strncat.o
 .note.GNU-stack
                0x0000000000000000        0x0 binaries/strncmp.o
 .note.GNU-stack
                0x0000000000000000        0x0 binaries/strncpy.o
 .note.GNU-stack
                0x0000000000000000        0x0 binaries/strnlen.o
 .note.GNU-stack
                0x0000000000000000        0x0 binaries/strrchr.o
 .note.GNU-stack
                0x0000000000000000        0x0 binaries/strstr.o
 .note.GNU-stack
                0x0000000000000000        0x0 binaries/ttycontrol.o
 .note.GNU-stack
                0x0000000000000000        0x0 binaries/ttygetc.o
 .note.GNU-stack
                0x0000000000000000        0x0 binaries/ttyhandle_in.o
 .note.GNU-stack
                0x0000000000000000        0x0 binaries/ttyhandle_out.o
 .note.GNU-stack
                0x0000000000000000        0x0 binaries/ttyhandler.o
 .note.GNU-stack
                0x0000000000000000        0x0 binaries/ttyinit.o
 .note.GNU-stack
                0x0000000000000000        0x0 binaries/ttykickout.o
 .note.GNU-stack
                0x0000000000000000        0x0 binaries/ttyputc.o
 .note.GNU-stack
                0x0000000000000000        0x0 binaries/ttyread.o
 .note.GNU-stack
                0x0000000000000000        0x0 binaries/ttywrite.o
 .note.GNU-stack
                0x0000000000000000        0x0 binaries/mount.o
 .note.GNU-stack
                0x0000000000000000        0x0 binaries/naminit.o
 .note.GNU-stack
                0x0000000000000000        0x0 binaries/nammap.o
 .note.GNU-stack
                0x0000000000000000        0x0 binaries/namopen.o
 .note.GNU-stack
                0x0000000000000000        0x0 binaries/ethcontrol.o
 .note.GNU-stack
                0x0000000000000000        0x0 binaries/ethhandler.o
 .note.GNU-stack
                0x0000000000000000        0x0 binaries/ethinit.o
 .note.GNU-stack
                0x0000000000000000        0x0 binaries/ethmcast.o
 .note.GNU-stack
                0x0000000000000000        0x0 binaries/ethread.o
 .note.GNU-stack
                0x0000000000000000        0x0 binaries/ethwrite.o
 .note.GNU-stack
                0x0000000000000000        0x0 binaries/rdsbufalloc.o
 .note.GNU-stack
                0x0000000000000000        0x0 binaries/rdsclose.o
 .note.GNU-stack
                0x0000000000000000        0x0 binaries/rdscomm.o
 .note.GNU-stack
                0x0000000000000000        0x0 binaries/rdscontrol.o
 .note.GNU-stack
                0x0000000000000000        0x0 binaries/rdsinit.o
 .note.GNU-stack
                0x0000000000000000        0x0 binaries/rdsopen.o
 .note.GNU-stack
                0x0000000000000000        0x0 binaries/rdsprocess.o
 .note.GNU-stack
                0x0000000000000000        0x0 binaries/rdsread.o
 .note.GNU-stack
                0x0000000000000000        0x0 binaries/rdswrite.o
 .note.GNU-stack
                0x0000000000000000        0x0 binaries/ramclose.o
 .note.GNU-stack
                0x0000000000000000        0x0 binaries/raminit.o
 .note.GNU-stack
                0x0000000000000000        0x0 binaries/ramopen.o
 .note.GNU-stack
                0x0000000000000000        0x0 binaries/ramread.o
 .note.GNU-stack
                0x0000000000000000        0x0 binaries/ramwrite.o
 .note.GNU-stack
                0x0000000000000000        0x0 binaries/lfdballoc.o
 .note.GNU-stack
                0x0000000000000000        0x0 binaries/lfdbfree.o
 .note.GNU-stack
                0x0000000000000000        0x0 binaries/lfflush.o
 .note.GNU-stack
                0x0000000000000000        0x0 binaries/lfgetmode.o
 .note.GNU-stack
                0x0000000000000000        0x0 binaries/lfiballoc.o
 .note.GNU-stack
                0x0000000000000000        0x0 binaries/lfibclear.o
 .note.GNU-stack
                0x0000000000000000        0x0 binaries/lfibget.o
 .note.GNU-stack
                0x0000000000000000        0x0 binaries/lfibput.o
 .note.GNU-stack
                0x0000000000000000        0x0 binaries/lflclose.o
 .note.GNU-stack
                0x0000000000000000        0x0 binaries/lflcontrol.o
 .note.GNU-stack
                0x0000000000000000        0x0 binaries/lflgetc.o
 .note.GNU-stack
                0x0000000000000000        0x0 binaries/lflinit.o
 .note.GNU-stack
                0x0000000000000000        0x0 binaries/lflputc.o
 .note.GNU-stack
                0x0000000000000000        0x0 binaries/lflread.o
 .note.GNU-stack
                0x0000000000000000        0x0 binaries/lflseek.o
 .note.GNU-stack
                0x0000000000000000        0x0 binaries/lflwrite.o
 .note.GNU-stack
                0x0000000000000000        0x0 binaries/lfscheck.o
 .note.GNU-stack
                0x0000000000000000        0x0 binaries/lfsckfmt.o
 .note.GNU-stack
                0x0000000000000000        0x0 binaries/lfscreate.o
 .note.GNU-stack
                0x0000000000000000        0x0 binaries/lfsetup.o
 .note.GNU-stack
                0x0000000000000000        0x0 binaries/lfsinit.o
 .note.GNU-stack
                0x0000000000000000        0x0 binaries/lfsopen.o
 .note.GNU-stack
                0x0000000000000000        0x0 binaries/lftruncate.o
 .note.GNU-stack
                0x0000000000000000        0x0 binaries/rflclose.o
 .note.GNU-stack
                0x0000000000000000        0x0 binaries/rflgetc.o
 .note.GNU-stack
                0x0000000000000000        0x0 binaries/rflinit.o
 .note.GNU-stack
                0x0000000000000000        0x0 binaries/rflputc.o
 .note.GNU-stack
                0x0000000000000000        0x0 binaries/rflread.o
 .note.GNU-stack
                0x0000000000000000        0x0 binaries/rflseek.o
 .note.GNU-stack
                0x0000000000000000        0x0 binaries/rflwrite.o
 .note.GNU-stack
                0x0000000000000000        0x0 binaries/rfscomm.o
 .note.GNU-stack
                0x0000000000000000        0x0 binaries/rfscontrol.o
 .note.GNU-stack
                0x0000000000000000        0x0 binaries/rfsgetmode.o
 .note.GNU-stack
                0x0000000000000000        0x0 binaries/rfsinit.o
 .note.GNU-stack
                0x0000000000000000        0x0 binaries/rfsndmsg.o
 .note.GNU-stack
                0x0000000000000000        0x0 binaries/rfsopen.o
 .note.GNU-stack
                0x0000000000000000        0x0 binaries/arp.o
 .note.GNU-stack
                0x0000000000000000        0x0 binaries/dhcp.o
 .note.GNU-stack
                0x0000000000000000        0x0 binaries/dns.o
 .note.GNU-stack
                0x0000000000000000        0x0 binaries/dot2ip.o
 .note.GNU-stack
                0x0000000000000000        0x0 binaries/hexdump.o
 .note.GNU-stack
                0x0000000000000000        0x0 binaries/icmp.o
 .note.GNU-stack
                0x0000000000000000        0x0 binaries/ip.o
 .note.GNU-stack
                0x0000000000000000        0x0 binaries/net.o
 .note.GNU-stack
                0x0000000000000000        0x0 binaries/pdump.o
 .note.GNU-stack
                0x0000000000000000        0x0 binaries/tftp.o
 .note.GNU-stack
                0x0000000000000000        0x0 binaries/udp.o
 .note.GNU-stack
                0x0000000000000000        0x0 binaries/addargs.o
 .note.GNU-stack
                0x0000000000000000        0x0 binaries/lexan.o
 .note.GNU-stack
                0x0000000000000000        0x0 binaries/shell.o
 .note.GNU-stack
                0x0000000000000000        0x0 binaries/xsh_argecho.o
 .note.GNU-stack
                0x0000000000000000        0x0 binaries/xsh_arp.o
 .note.GNU-stack
                0x0000000000000000        0x0 binaries/xsh_cat.o
 .note.GNU-stack
                0x0000000000000000        0x0 binaries/xsh_clear.o
 .note.GNU-stack
                0x0000000000000000        0x0 binaries/xsh_date.o
 .note.GNU-stack
                0x0000000000000000        0x0 binaries/xsh_devdump.o
 .note.GNU-stack
                0x0000000000000000        0x0 binaries/xsh_echo.o
 .note.GNU-stack
                0x0000000000000000        0x0 binaries/xsh_exit.o
 .note.GNU-stack
                0x0000000000000000        0x0 binaries/xsh_help.o
 .note.GNU-stack
                0x0000000000000000        0x0 binaries/xsh_kill.o
 .note.GNU-stack
                0x0000000000000000        0x0 binaries/xsh_memdump.o
 .note.GNU-stack
                0x0000000000000000        0x0 binaries/xsh_memstat.o
 .note.GNU-stack
                0x0000000000000000        0x0 binaries/xsh_netinfo.o
 .note.GNU-stack
                0x0000000000000000        0x0 binaries/xsh_ping.o
 .note.GNU-stack
                0x0000000000000000        0x0 binaries/xsh_ps.o
 .note.GNU-stack
                0x0000000000000000        0x0 binaries/xsh_sleep.o
 .note.GNU-stack
                0x0000000000000000        0x0 binaries/xsh_udpdump.o
 .note.GNU-stack
                0x0000000000000000        0x0 binaries/xsh_udpecho.o
 .note.GNU-stack
                0x0000000000000000        0x0 binaries/xsh_udpserver.o
 .note.GNU-stack
                0x0000000000000000        0x0 binaries/xsh_uptime.o
